// Jest Snapshot v1, https://goo.gl/fbAQLP

exports[`NoMatch renders correctly 1`] = `
<div>
  <h1>
    link does not exist
  </h1>
  <a
    href="/Home"
    onClick={[Function]}
  >
    click to go back to Home page
  </a>
</div>
`;
