// Jest Snapshot v1, https://goo.gl/fbAQLP

exports[`DeckList empty decklist renders correctly 1`] = `ShallowWrapper {}`;

exports[`DeckList filled decklist renders correctly 1`] = `ShallowWrapper {}`;
