// Jest Snapshot v1, https://goo.gl/fbAQLP

exports[`DeckListEntries rendering correctly 1`] = `null`;

exports[`DeckListEntries rendering correctly with cards 1`] = `
Array [
  <div
    className="type_padding"
  >
    creature
  </div>,
  <div>
    <div
      className="MuiGrid-root MuiGrid-container"
    >
      <div>
        x
        <button
          className="MuiButtonBase-root MuiButton-root MuiButton-text MuiButton-textPrimary"
          disabled={false}
          name="increment"
          onBlur={[Function]}
          onClick={[Function]}
          onDragLeave={[Function]}
          onFocus={[Function]}
          onKeyDown={[Function]}
          onKeyUp={[Function]}
          onMouseDown={[Function]}
          onMouseLeave={[Function]}
          onMouseUp={[Function]}
          onTouchEnd={[Function]}
          onTouchMove={[Function]}
          onTouchStart={[Function]}
          tabIndex={0}
          type="button"
        >
          <span
            className="MuiButton-label"
          >
            +
          </span>
        </button>
      </div>
      <div>
        thing in the ice
        <button
          className="MuiButtonBase-root MuiButton-root MuiButton-text MuiButton-textPrimary"
          disabled={false}
          name="decrement"
          onBlur={[Function]}
          onClick={[Function]}
          onDragLeave={[Function]}
          onFocus={[Function]}
          onKeyDown={[Function]}
          onKeyUp={[Function]}
          onMouseDown={[Function]}
          onMouseLeave={[Function]}
          onMouseUp={[Function]}
          onTouchEnd={[Function]}
          onTouchMove={[Function]}
          onTouchStart={[Function]}
          tabIndex={0}
          type="button"
        >
          <span
            className="MuiButton-label"
          >
            -
          </span>
        </button>
        <button
          className="MuiButtonBase-root MuiButton-root MuiButton-text MuiButton-textPrimary"
          disabled={false}
          name="maybe"
          onBlur={[Function]}
          onClick={[Function]}
          onDragLeave={[Function]}
          onFocus={[Function]}
          onKeyDown={[Function]}
          onKeyUp={[Function]}
          onMouseDown={[Function]}
          onMouseLeave={[Function]}
          onMouseUp={[Function]}
          onTouchEnd={[Function]}
          onTouchMove={[Function]}
          onTouchStart={[Function]}
          tabIndex={0}
          type="button"
        >
          <span
            className="MuiButton-label"
          >
            maybe
          </span>
        </button>
      </div>
    </div>
  </div>,
]
`;
